Script started on 2022-06-05 04:49:56+07:00 [TERM="xterm-256color" TTY="/dev/pts/0" COLUMNS="237" LINES="63"]
bach@BACH-PHUNG:~$ docker start -i a4e9d36ff478
Got permission denied while trying to connect to the Docker daemon socket at unix:///var/run/docker.sock: Get "http://%2Fvar%2Frun%2Fdocker.sock/v1.24/containers/a4e9d36ff478/json": dial unix /var/run/docker.sock: connect: permission denied
bach@BACH-PHUNG:~$ sudo docker start -i a4e9d36ff478
[sudo] password for bach:
root@a4e9d36ff478:/# cd /usr/src/app
root@a4e9d36ff478:/usr/src/app# vi index.js
bash: vi: command not found
root@a4e9d36ff478:/usr/src/app# apt-get -y install vi
Reading package lists... Done
Building dependency tree... Done
Reading state information... Done
E: Unable to locate package vi
root@a4e9d36ff478:/usr/src/app# apt-get -y install vim
Reading package lists... Done
Building dependency tree... Done
Reading state information... Done
E: Unable to locate package vim
root@a4e9d36ff478:/usr/src/app# sudo apt-get -y install vim
bash: sudo: command not found
root@a4e9d36ff478:/usr/src/app# cd
root@a4e9d36ff478:~# sudo apt-get -y install vim
bash: sudo: command not found
root@a4e9d36ff478:~# apt-get -y install vim
Reading package lists... Done
Building dependency tree... Done
Reading state information... Done
E: Unable to locate package vim
root@a4e9d36ff478:~# apt-get update
Get:1 http://archive.ubuntu.com/ubuntu jammy InRelease [270 kB]
Get:2 http://security.ubuntu.com/ubuntu jammy-security InRelease [110 kB]
Get:3 http://security.ubuntu.com/ubuntu jammy-security/multiverse amd64 Packages [4653 B]
Get:4 http://archive.ubuntu.com/ubuntu jammy-updates InRelease [109 kB]
Get:5 http://security.ubuntu.com/ubuntu jammy-security/universe amd64 Packages [71.8 kB]
Get:6 http://security.ubuntu.com/ubuntu jammy-security/restricted amd64 Packages [156 kB]
Get:7 http://archive.ubuntu.com/ubuntu jammy-backports InRelease [99.8 kB]
Get:8 http://security.ubuntu.com/ubuntu jammy-security/main amd64 Packages [160 kB]
Get:9 http://archive.ubuntu.com/ubuntu jammy/restricted amd64 Packages [164 kB]
Get:10 http://archive.ubuntu.com/ubuntu jammy/universe amd64 Packages [17.5 MB]
Get:11 http://archive.ubuntu.com/ubuntu jammy/main amd64 Packages [1792 kB]
Get:12 http://archive.ubuntu.com/ubuntu jammy/multiverse amd64 Packages [266 kB]
Get:13 http://archive.ubuntu.com/ubuntu jammy-updates/universe amd64 Packages [126 kB]
Get:14 http://archive.ubuntu.com/ubuntu jammy-updates/main amd64 Packages [298 kB]
Get:15 http://archive.ubuntu.com/ubuntu jammy-updates/multiverse amd64 Packages [4653 B]
Get:16 http://archive.ubuntu.com/ubuntu jammy-updates/restricted amd64 Packages [178 kB]
Get:17 http://archive.ubuntu.com/ubuntu jammy-backports/universe amd64 Packages [2009 B]
Fetched 21.3 MB in 1min 10s (306 kB/s)
Reading package lists... Done
root@a4e9d36ff478:~# apt-get -y install vim
Reading package lists... Done
Building dependency tree... Done
Reading state information... Done
The following additional packages will be installed:
  libexpat1 libgpm2 libmpdec3 libpython3.10 libpython3.10-minimal libpython3.10-stdlib libreadline8 libsodium23 libsqlite3-0 media-types readline-common vim-common vim-runtime xxd
Suggested packages:
  gpm readline-doc ctags vim-doc vim-scripts
The following NEW packages will be installed:
  libexpat1 libgpm2 libmpdec3 libpython3.10 libpython3.10-minimal libpython3.10-stdlib libreadline8 libsodium23 libsqlite3-0 media-types readline-common vim vim-common vim-runtime xxd
0 upgraded, 15 newly installed, 0 to remove and 5 not upgraded.
Need to get 14.5 MB of archives.
After this operation, 61.1 MB of additional disk space will be used.
Get:1 http://archive.ubuntu.com/ubuntu jammy/main amd64 libexpat1 amd64 2.4.7-1 [90.7 kB]
Get:2 http://archive.ubuntu.com/ubuntu jammy/main amd64 libmpdec3 amd64 2.5.1-2build2 [86.8 kB]
Get:3 http://archive.ubuntu.com/ubuntu jammy/main amd64 libpython3.10-minimal amd64 3.10.4-3 [809 kB]
Get:4 http://archive.ubuntu.com/ubuntu jammy/main amd64 media-types all 7.0.0 [25.5 kB]
Get:5 http://archive.ubuntu.com/ubuntu jammy/main amd64 readline-common all 8.1.2-1 [53.5 kB]
Get:6 http://archive.ubuntu.com/ubuntu jammy/main amd64 libreadline8 amd64 8.1.2-1 [153 kB]
Get:7 http://archive.ubuntu.com/ubuntu jammy/main amd64 libsqlite3-0 amd64 3.37.2-2 [643 kB]
Get:8 http://archive.ubuntu.com/ubuntu jammy/main amd64 libpython3.10-stdlib amd64 3.10.4-3 [1830 kB]
Get:9 http://archive.ubuntu.com/ubuntu jammy/main amd64 xxd amd64 2:8.2.3995-1ubuntu2 [51.1 kB]
Get:10 http://archive.ubuntu.com/ubuntu jammy/main amd64 vim-common all 2:8.2.3995-1ubuntu2 [81.5 kB]
Get:11 http://archive.ubuntu.com/ubuntu jammy/main amd64 libgpm2 amd64 1.20.7-10build1 [15.3 kB]
Get:12 http://archive.ubuntu.com/ubuntu jammy/main amd64 libpython3.10 amd64 3.10.4-3 [1951 kB]
Get:13 http://archive.ubuntu.com/ubuntu jammy/main amd64 libsodium23 amd64 1.0.18-1build2 [164 kB]
Get:14 http://archive.ubuntu.com/ubuntu jammy/main amd64 vim-runtime all 2:8.2.3995-1ubuntu2 [6825 kB]
Get:15 http://archive.ubuntu.com/ubuntu jammy/main amd64 vim amd64 2:8.2.3995-1ubuntu2 [1724 kB]
Fetched 14.5 MB in 4s (3267 kB/s)
debconf: delaying package configuration, since apt-utils is not installed
Selecting previously unselected package libexpat1:amd64.
(Reading database ... 4395 files and directories currently installed.)
Preparing to unpack .../00-libexpat1_2.4.7-1_amd64.deb ...
Unpacking libexpat1:amd64 (2.4.7-1) ...
Selecting previously unselected package libmpdec3:amd64.
Preparing to unpack .../01-libmpdec3_2.5.1-2build2_amd64.deb ...
Unpacking libmpdec3:amd64 (2.5.1-2build2) ...
Selecting previously unselected package libpython3.10-minimal:amd64.
Preparing to unpack .../02-libpython3.10-minimal_3.10.4-3_amd64.deb ...
Unpacking libpython3.10-minimal:amd64 (3.10.4-3) ...
Selecting previously unselected package media-types.
Preparing to unpack .../03-media-types_7.0.0_all.deb ...
Unpacking media-types (7.0.0) ...
Selecting previously unselected package readline-common.
Preparing to unpack .../04-readline-common_8.1.2-1_all.deb ...
Unpacking readline-common (8.1.2-1) ...
Selecting previously unselected package libreadline8:amd64.
Preparing to unpack .../05-libreadline8_8.1.2-1_amd64.deb ...
Unpacking libreadline8:amd64 (8.1.2-1) ...
Selecting previously unselected package libsqlite3-0:amd64.
Preparing to unpack .../06-libsqlite3-0_3.37.2-2_amd64.deb ...
Unpacking libsqlite3-0:amd64 (3.37.2-2) ...
Selecting previously unselected package libpython3.10-stdlib:amd64.
Preparing to unpack .../07-libpython3.10-stdlib_3.10.4-3_amd64.deb ...
Unpacking libpython3.10-stdlib:amd64 (3.10.4-3) ...
Selecting previously unselected package xxd.
Preparing to unpack .../08-xxd_2%3a8.2.3995-1ubuntu2_amd64.deb ...
Unpacking xxd (2:8.2.3995-1ubuntu2) ...
Selecting previously unselected package vim-common.
Preparing to unpack .../09-vim-common_2%3a8.2.3995-1ubuntu2_all.deb ...
Unpacking vim-common (2:8.2.3995-1ubuntu2) ...
Selecting previously unselected package libgpm2:amd64.
Preparing to unpack .../10-libgpm2_1.20.7-10build1_amd64.deb ...
Unpacking libgpm2:amd64 (1.20.7-10build1) ...
Selecting previously unselected package libpython3.10:amd64.
Preparing to unpack .../11-libpython3.10_3.10.4-3_amd64.deb ...
Unpacking libpython3.10:amd64 (3.10.4-3) ...
Selecting previously unselected package libsodium23:amd64.
Preparing to unpack .../12-libsodium23_1.0.18-1build2_amd64.deb ...
Unpacking libsodium23:amd64 (1.0.18-1build2) ...
Selecting previously unselected package vim-runtime.
Preparing to unpack .../13-vim-runtime_2%3a8.2.3995-1ubuntu2_all.deb ...
Adding 'diversion of /usr/share/vim/vim82/doc/help.txt to /usr/share/vim/vim82/doc/help.txt.vim-tiny by vim-runtime'
Adding 'diversion of /usr/share/vim/vim82/doc/tags to /usr/share/vim/vim82/doc/tags.vim-tiny by vim-runtime'
Unpacking vim-runtime (2:8.2.3995-1ubuntu2) ...
Selecting previously unselected package vim.
Preparing to unpack .../14-vim_2%3a8.2.3995-1ubuntu2_amd64.deb ...
Unpacking vim (2:8.2.3995-1ubuntu2) ...
Setting up libexpat1:amd64 (2.4.7-1) ...
Setting up media-types (7.0.0) ...
Setting up libsodium23:amd64 (1.0.18-1build2) ...
Setting up libgpm2:amd64 (1.20.7-10build1) ...
Setting up libsqlite3-0:amd64 (3.37.2-2) ...
Setting up xxd (2:8.2.3995-1ubuntu2) ...
Setting up vim-common (2:8.2.3995-1ubuntu2) ...
Setting up libpython3.10-minimal:amd64 (3.10.4-3) ...
Setting up libmpdec3:amd64 (2.5.1-2build2) ...
Setting up vim-runtime (2:8.2.3995-1ubuntu2) ...
Setting up readline-common (8.1.2-1) ...
Setting up libreadline8:amd64 (8.1.2-1) ...
Setting up libpython3.10-stdlib:amd64 (3.10.4-3) ...
Setting up libpython3.10:amd64 (3.10.4-3) ...
Setting up vim (2:8.2.3995-1ubuntu2) ...
update-alternatives: using /usr/bin/vim.basic to provide /usr/bin/vim (vim) in auto mode
update-alternatives: using /usr/bin/vim.basic to provide /usr/bin/vimdiff (vimdiff) in auto mode
update-alternatives: using /usr/bin/vim.basic to provide /usr/bin/rvim (rvim) in auto mode
update-alternatives: using /usr/bin/vim.basic to provide /usr/bin/rview (rview) in auto mode
update-alternatives: using /usr/bin/vim.basic to provide /usr/bin/vi (vi) in auto mode
update-alternatives: warning: skip creation of /usr/share/man/da/man1/vi.1.gz because associated file /usr/share/man/da/man1/vim.1.gz (of link group vi) doesn't exist
update-alternatives: warning: skip creation of /usr/share/man/de/man1/vi.1.gz because associated file /usr/share/man/de/man1/vim.1.gz (of link group vi) doesn't exist
update-alternatives: warning: skip creation of /usr/share/man/fr/man1/vi.1.gz because associated file /usr/share/man/fr/man1/vim.1.gz (of link group vi) doesn't exist
update-alternatives: warning: skip creation of /usr/share/man/it/man1/vi.1.gz because associated file /usr/share/man/it/man1/vim.1.gz (of link group vi) doesn't exist
update-alternatives: warning: skip creation of /usr/share/man/ja/man1/vi.1.gz because associated file /usr/share/man/ja/man1/vim.1.gz (of link group vi) doesn't exist
update-alternatives: warning: skip creation of /usr/share/man/pl/man1/vi.1.gz because associated file /usr/share/man/pl/man1/vim.1.gz (of link group vi) doesn't exist
update-alternatives: warning: skip creation of /usr/share/man/ru/man1/vi.1.gz because associated file /usr/share/man/ru/man1/vim.1.gz (of link group vi) doesn't exist
update-alternatives: warning: skip creation of /usr/share/man/man1/vi.1.gz because associated file /usr/share/man/man1/vim.1.gz (of link group vi) doesn't exist
update-alternatives: using /usr/bin/vim.basic to provide /usr/bin/view (view) in auto mode
update-alternatives: warning: skip creation of /usr/share/man/da/man1/view.1.gz because associated file /usr/share/man/da/man1/vim.1.gz (of link group view) doesn't exist
update-alternatives: warning: skip creation of /usr/share/man/de/man1/view.1.gz because associated file /usr/share/man/de/man1/vim.1.gz (of link group view) doesn't exist
update-alternatives: warning: skip creation of /usr/share/man/fr/man1/view.1.gz because associated file /usr/share/man/fr/man1/vim.1.gz (of link group view) doesn't exist
update-alternatives: warning: skip creation of /usr/share/man/it/man1/view.1.gz because associated file /usr/share/man/it/man1/vim.1.gz (of link group view) doesn't exist
update-alternatives: warning: skip creation of /usr/share/man/ja/man1/view.1.gz because associated file /usr/share/man/ja/man1/vim.1.gz (of link group view) doesn't exist
update-alternatives: warning: skip creation of /usr/share/man/pl/man1/view.1.gz because associated file /usr/share/man/pl/man1/vim.1.gz (of link group view) doesn't exist
update-alternatives: warning: skip creation of /usr/share/man/ru/man1/view.1.gz because associated file /usr/share/man/ru/man1/vim.1.gz (of link group view) doesn't exist
update-alternatives: warning: skip creation of /usr/share/man/man1/view.1.gz because associated file /usr/share/man/man1/vim.1.gz (of link group view) doesn't exist
update-alternatives: using /usr/bin/vim.basic to provide /usr/bin/ex (ex) in auto mode
update-alternatives: warning: skip creation of /usr/share/man/da/man1/ex.1.gz because associated file /usr/share/man/da/man1/vim.1.gz (of link group ex) doesn't exist
update-alternatives: warning: skip creation of /usr/share/man/de/man1/ex.1.gz because associated file /usr/share/man/de/man1/vim.1.gz (of link group ex) doesn't exist
update-alternatives: warning: skip creation of /usr/share/man/fr/man1/ex.1.gz because associated file /usr/share/man/fr/man1/vim.1.gz (of link group ex) doesn't exist
update-alternatives: warning: skip creation of /usr/share/man/it/man1/ex.1.gz because associated file /usr/share/man/it/man1/vim.1.gz (of link group ex) doesn't exist
update-alternatives: warning: skip creation of /usr/share/man/ja/man1/ex.1.gz because associated file /usr/share/man/ja/man1/vim.1.gz (of link group ex) doesn't exist
update-alternatives: warning: skip creation of /usr/share/man/pl/man1/ex.1.gz because associated file /usr/share/man/pl/man1/vim.1.gz (of link group ex) doesn't exist
update-alternatives: warning: skip creation of /usr/share/man/ru/man1/ex.1.gz because associated file /usr/share/man/ru/man1/vim.1.gz (of link group ex) doesn't exist
update-alternatives: warning: skip creation of /usr/share/man/man1/ex.1.gz because associated file /usr/share/man/man1/vim.1.gz (of link group ex) doesn't exist
update-alternatives: using /usr/bin/vim.basic to provide /usr/bin/editor (editor) in auto mode
update-alternatives: warning: skip creation of /usr/share/man/da/man1/editor.1.gz because associated file /usr/share/man/da/man1/vim.1.gz (of link group editor) doesn't exist
update-alternatives: warning: skip creation of /usr/share/man/de/man1/editor.1.gz because associated file /usr/share/man/de/man1/vim.1.gz (of link group editor) doesn't exist
update-alternatives: warning: skip creation of /usr/share/man/fr/man1/editor.1.gz because associated file /usr/share/man/fr/man1/vim.1.gz (of link group editor) doesn't exist
update-alternatives: warning: skip creation of /usr/share/man/it/man1/editor.1.gz because associated file /usr/share/man/it/man1/vim.1.gz (of link group editor) doesn't exist
update-alternatives: warning: skip creation of /usr/share/man/ja/man1/editor.1.gz because associated file /usr/share/man/ja/man1/vim.1.gz (of link group editor) doesn't exist
update-alternatives: warning: skip creation of /usr/share/man/pl/man1/editor.1.gz because associated file /usr/share/man/pl/man1/vim.1.gz (of link group editor) doesn't exist
update-alternatives: warning: skip creation of /usr/share/man/ru/man1/editor.1.gz because associated file /usr/share/man/ru/man1/vim.1.gz (of link group editor) doesn't exist
update-alternatives: warning: skip creation of /usr/share/man/man1/editor.1.gz because associated file /usr/share/man/man1/vim.1.gz (of link group editor) doesn't exist
Processing triggers for libc-bin (2.35-0ubuntu3) ...
root@a4e9d36ff478:~# cd /usr/src/app
root@a4e9d36ff478:/usr/src/app# vi index.js
root@a4e9d36ff478:/usr/src/app# exi
bash: exi: command not found
root@a4e9d36ff478:/usr/src/app# exit
exit
bach@BACH-PHUNG:~$ exit
exit

Script done on 2022-06-05 04:54:53+07:00 [COMMAND_EXIT_CODE="127"]